C:\Users\ban88\OneDrive\Desktop\StudentRideSharingApp - Copy (14) - Copy\rideapp\src\main\java\com\example\rideapp\config\SecurityConfig.java
C:\Users\ban88\OneDrive\Desktop\StudentRideSharingApp - Copy (14) - Copy\rideapp\src\main\java\com\example\rideapp\config\TwilioConfig.java
C:\Users\ban88\OneDrive\Desktop\StudentRideSharingApp - Copy (14) - Copy\rideapp\src\main\java\com\example\rideapp\config\WebSocketConfig.java
C:\Users\ban88\OneDrive\Desktop\StudentRideSharingApp - Copy (14) - Copy\rideapp\src\main\java\com\example\rideapp\controllers\AdminController.java
C:\Users\ban88\OneDrive\Desktop\StudentRideSharingApp - Copy (14) - Copy\rideapp\src\main\java\com\example\rideapp\controllers\AuthController.java
C:\Users\ban88\OneDrive\Desktop\StudentRideSharingApp - Copy (14) - Copy\rideapp\src\main\java\com\example\rideapp\controllers\ChatController.java
C:\Users\ban88\OneDrive\Desktop\StudentRideSharingApp - Copy (14) - Copy\rideapp\src\main\java\com\example\rideapp\controllers\LocationController.java
C:\Users\ban88\OneDrive\Desktop\StudentRideSharingApp - Copy (14) - Copy\rideapp\src\main\java\com\example\rideapp\controllers\LoginController.java
C:\Users\ban88\OneDrive\Desktop\StudentRideSharingApp - Copy (14) - Copy\rideapp\src\main\java\com\example\rideapp\controllers\PassengerBookingsController.java
C:\Users\ban88\OneDrive\Desktop\StudentRideSharingApp - Copy (14) - Copy\rideapp\src\main\java\com\example\rideapp\controllers\profileController.java
C:\Users\ban88\OneDrive\Desktop\StudentRideSharingApp - Copy (14) - Copy\rideapp\src\main\java\com\example\rideapp\controllers\RideAgainController.java
C:\Users\ban88\OneDrive\Desktop\StudentRideSharingApp - Copy (14) - Copy\rideapp\src\main\java\com\example\rideapp\controllers\RideBookingController.java
C:\Users\ban88\OneDrive\Desktop\StudentRideSharingApp - Copy (14) - Copy\rideapp\src\main\java\com\example\rideapp\controllers\RideCreationController.java
C:\Users\ban88\OneDrive\Desktop\StudentRideSharingApp - Copy (14) - Copy\rideapp\src\main\java\com\example\rideapp\controllers\SafetyController.java
C:\Users\ban88\OneDrive\Desktop\StudentRideSharingApp - Copy (14) - Copy\rideapp\src\main\java\com\example\rideapp\controllers\SwitchRoleController.java
C:\Users\ban88\OneDrive\Desktop\StudentRideSharingApp - Copy (14) - Copy\rideapp\src\main\java\com\example\rideapp\models\BookingModel.java
C:\Users\ban88\OneDrive\Desktop\StudentRideSharingApp - Copy (14) - Copy\rideapp\src\main\java\com\example\rideapp\models\ChatRoom.java
C:\Users\ban88\OneDrive\Desktop\StudentRideSharingApp - Copy (14) - Copy\rideapp\src\main\java\com\example\rideapp\models\DriverModel.java
C:\Users\ban88\OneDrive\Desktop\StudentRideSharingApp - Copy (14) - Copy\rideapp\src\main\java\com\example\rideapp\models\MapModel.java
C:\Users\ban88\OneDrive\Desktop\StudentRideSharingApp - Copy (14) - Copy\rideapp\src\main\java\com\example\rideapp\models\Message.java
C:\Users\ban88\OneDrive\Desktop\StudentRideSharingApp - Copy (14) - Copy\rideapp\src\main\java\com\example\rideapp\models\OTPModel.java
C:\Users\ban88\OneDrive\Desktop\StudentRideSharingApp - Copy (14) - Copy\rideapp\src\main\java\com\example\rideapp\models\PassengerModel.java
C:\Users\ban88\OneDrive\Desktop\StudentRideSharingApp - Copy (14) - Copy\rideapp\src\main\java\com\example\rideapp\models\RideModel.java
C:\Users\ban88\OneDrive\Desktop\StudentRideSharingApp - Copy (14) - Copy\rideapp\src\main\java\com\example\rideapp\models\SafetyModel.java
C:\Users\ban88\OneDrive\Desktop\StudentRideSharingApp - Copy (14) - Copy\rideapp\src\main\java\com\example\rideapp\models\Student.java
C:\Users\ban88\OneDrive\Desktop\StudentRideSharingApp - Copy (14) - Copy\rideapp\src\main\java\com\example\rideapp\models\UserModel.java
C:\Users\ban88\OneDrive\Desktop\StudentRideSharingApp - Copy (14) - Copy\rideapp\src\main\java\com\example\rideapp\repositories\BookingRepository.java
C:\Users\ban88\OneDrive\Desktop\StudentRideSharingApp - Copy (14) - Copy\rideapp\src\main\java\com\example\rideapp\repositories\ChatRoomRepository.java
C:\Users\ban88\OneDrive\Desktop\StudentRideSharingApp - Copy (14) - Copy\rideapp\src\main\java\com\example\rideapp\repositories\DriverRepository.java
C:\Users\ban88\OneDrive\Desktop\StudentRideSharingApp - Copy (14) - Copy\rideapp\src\main\java\com\example\rideapp\repositories\MapRepository.java
C:\Users\ban88\OneDrive\Desktop\StudentRideSharingApp - Copy (14) - Copy\rideapp\src\main\java\com\example\rideapp\repositories\MessageRepository.java
C:\Users\ban88\OneDrive\Desktop\StudentRideSharingApp - Copy (14) - Copy\rideapp\src\main\java\com\example\rideapp\repositories\OTPRepository.java
C:\Users\ban88\OneDrive\Desktop\StudentRideSharingApp - Copy (14) - Copy\rideapp\src\main\java\com\example\rideapp\repositories\PassengerRepository.java
C:\Users\ban88\OneDrive\Desktop\StudentRideSharingApp - Copy (14) - Copy\rideapp\src\main\java\com\example\rideapp\repositories\RideRepository.java
C:\Users\ban88\OneDrive\Desktop\StudentRideSharingApp - Copy (14) - Copy\rideapp\src\main\java\com\example\rideapp\repositories\SafetyRepository.java
C:\Users\ban88\OneDrive\Desktop\StudentRideSharingApp - Copy (14) - Copy\rideapp\src\main\java\com\example\rideapp\repositories\StudentRepository.java
C:\Users\ban88\OneDrive\Desktop\StudentRideSharingApp - Copy (14) - Copy\rideapp\src\main\java\com\example\rideapp\repositories\UserRepository.java
C:\Users\ban88\OneDrive\Desktop\StudentRideSharingApp - Copy (14) - Copy\rideapp\src\main\java\com\example\rideapp\RideappApplication.java
C:\Users\ban88\OneDrive\Desktop\StudentRideSharingApp - Copy (14) - Copy\rideapp\src\main\java\com\example\rideapp\services\AdminService.java
C:\Users\ban88\OneDrive\Desktop\StudentRideSharingApp - Copy (14) - Copy\rideapp\src\main\java\com\example\rideapp\services\AuthService.java
C:\Users\ban88\OneDrive\Desktop\StudentRideSharingApp - Copy (14) - Copy\rideapp\src\main\java\com\example\rideapp\services\BookingService.java
C:\Users\ban88\OneDrive\Desktop\StudentRideSharingApp - Copy (14) - Copy\rideapp\src\main\java\com\example\rideapp\services\ChatService.java
C:\Users\ban88\OneDrive\Desktop\StudentRideSharingApp - Copy (14) - Copy\rideapp\src\main\java\com\example\rideapp\services\DriverService.java
C:\Users\ban88\OneDrive\Desktop\StudentRideSharingApp - Copy (14) - Copy\rideapp\src\main\java\com\example\rideapp\services\LocationService.java
C:\Users\ban88\OneDrive\Desktop\StudentRideSharingApp - Copy (14) - Copy\rideapp\src\main\java\com\example\rideapp\services\MapService.java
C:\Users\ban88\OneDrive\Desktop\StudentRideSharingApp - Copy (14) - Copy\rideapp\src\main\java\com\example\rideapp\services\MessageService.java
C:\Users\ban88\OneDrive\Desktop\StudentRideSharingApp - Copy (14) - Copy\rideapp\src\main\java\com\example\rideapp\services\NotificationService.java
C:\Users\ban88\OneDrive\Desktop\StudentRideSharingApp - Copy (14) - Copy\rideapp\src\main\java\com\example\rideapp\services\OTPService.java
C:\Users\ban88\OneDrive\Desktop\StudentRideSharingApp - Copy (14) - Copy\rideapp\src\main\java\com\example\rideapp\services\ProfileService.java
C:\Users\ban88\OneDrive\Desktop\StudentRideSharingApp - Copy (14) - Copy\rideapp\src\main\java\com\example\rideapp\services\RideService.java
C:\Users\ban88\OneDrive\Desktop\StudentRideSharingApp - Copy (14) - Copy\rideapp\src\main\java\com\example\rideapp\services\SafetyService.java
C:\Users\ban88\OneDrive\Desktop\StudentRideSharingApp - Copy (14) - Copy\rideapp\src\main\java\com\example\rideapp\services\StudentService.java
C:\Users\ban88\OneDrive\Desktop\StudentRideSharingApp - Copy (14) - Copy\rideapp\src\main\java\com\example\rideapp\services\SwitchRoleService.java
C:\Users\ban88\OneDrive\Desktop\StudentRideSharingApp - Copy (14) - Copy\rideapp\src\main\java\com\example\rideapp\services\UserService.java
